2026-08-20 16:49:38.245 [] INFO  pe.edu.upeu.menu.MenuApplication - Starting MenuApplication using Java 25.0.3 with PID 22220 (C:\dev\restaurante\services\restaurante-menu-ms\target\classes started by Johan in C:\dev\restaurante\services\restaurante-menu-ms)
2026-08-20 16:49:38.249 [] DEBUG pe.edu.upeu.menu.MenuApplication - Running with Spring Boot v4.0.7, Spring v7.0.8
2026-08-20 16:49:38.250 [] INFO  pe.edu.upeu.menu.MenuApplication - The following 1 profile is active: "dev"
2026-08-20 16:49:38.334 [] INFO  o.s.b.d.e.DevToolsPropertyDefaultsPostProcessor - Devtools property defaults active! Set 'spring.devtools.add-properties' to 'false' to disable
2026-08-20 16:49:38.334 [] INFO  o.s.b.d.e.DevToolsPropertyDefaultsPostProcessor - For additional web related logging consider setting the 'logging.level.web' property to 'DEBUG'
2026-08-20 16:49:40.158 [] INFO  o.s.d.r.c.RepositoryConfigurationDelegate - Bootstrapping Spring Data JPA repositories in DEFAULT mode.
2026-08-20 16:49:40.244 [] INFO  o.s.d.r.c.RepositoryConfigurationDelegate - Finished Spring Data repository scanning in 71 ms. Found 2 JPA repository interfaces.
2026-08-20 16:49:41.120 [] INFO  o.s.boot.tomcat.TomcatWebServer - Tomcat initialized with port 8080 (http)
2026-08-20 16:49:41.152 [] INFO  o.a.catalina.core.StandardService - Starting service [Tomcat]
2026-08-20 16:49:41.152 [] INFO  o.a.catalina.core.StandardEngine - Starting Servlet engine: [Apache Tomcat/11.0.22]
2026-08-20 16:49:41.234 [] INFO  o.s.b.w.c.s.WebApplicationContextInitializer - Root WebApplicationContext: initialization completed in 2898 ms
2026-08-20 16:49:41.428 [] DEBUG p.e.u.m.filter.CorrelationIdFilter - Filter 'correlationIdFilter' configured for use
2026-08-20 16:49:41.775 [] INFO  com.zaxxer.hikari.HikariDataSource - HikariPool-1 - Starting...
2026-08-20 16:49:42.097 [] INFO  com.zaxxer.hikari.pool.HikariPool - HikariPool-1 - Added connection org.postgresql.jdbc.PgConnection@1ddbb417
2026-08-20 16:49:42.100 [] INFO  com.zaxxer.hikari.HikariDataSource - HikariPool-1 - Start completed.
2026-08-20 16:49:42.157 [] INFO  org.flywaydb.core.FlywayExecutor - Database: jdbc:postgresql://localhost:15432/restaurante_menu_db (PostgreSQL 16.15)
2026-08-20 16:49:42.353 [] INFO  o.f.c.i.s.JdbcTableSchemaHistory - Schema history table "public"."flyway_schema_history" does not exist yet
2026-08-20 16:49:42.360 [] INFO  o.f.core.internal.command.DbValidate - Successfully validated 1 migration (execution time 00:00.053s)
2026-08-20 16:49:42.424 [] INFO  o.f.c.i.s.JdbcTableSchemaHistory - Creating Schema History table "public"."flyway_schema_history" ...
2026-08-20 16:49:42.693 [] INFO  o.f.core.internal.command.DbMigrate - Current version of schema "public": << Empty Schema >>
2026-08-20 16:49:42.729 [] INFO  o.f.core.internal.command.DbMigrate - Migrating schema "public" to version "1 - create menu tables"
2026-08-20 16:49:42.900 [] INFO  o.f.core.internal.command.DbMigrate - Successfully applied 1 migration to schema "public", now at version v1 (execution time 00:00.118s)
2026-08-20 16:49:43.100 [] INFO  org.hibernate.orm.jpa - HHH008540: Processing PersistenceUnitInfo [name: default]
2026-08-20 16:49:43.211 [] INFO  org.hibernate.orm.core - HHH000001: Hibernate ORM core version 7.2.19.Final
2026-08-20 16:49:44.009 [] INFO  o.s.o.j.p.SpringPersistenceUnitInfo - No LoadTimeWeaver setup: ignoring JPA class transformer
2026-08-20 16:49:44.233 [] INFO  o.hibernate.orm.connections.pooling - HHH10001005: Database info:
	Database JDBC URL [jdbc:postgresql://localhost:15432/restaurante_menu_db]
	Database driver: PostgreSQL JDBC Driver
	Database dialect: PostgreSQLDialect
	Database version: 16.15
	Default catalog/schema: restaurante_menu_db/public
	Autocommit mode: undefined/unknown
	Isolation level: READ_COMMITTED [default READ_COMMITTED]
	JDBC fetch size: none
	Pool: DataSourceConnectionProvider
	Minimum pool size: undefined/unknown
	Maximum pool size: undefined/unknown
2026-08-20 16:49:45.648 [] INFO  org.hibernate.orm.core - HHH000489: No JTA platform available (set 'hibernate.transaction.jta.platform' to enable JTA platform integration)
2026-08-20 16:49:45.744 [] INFO  o.s.o.j.LocalContainerEntityManagerFactoryBean - Initialized JPA EntityManagerFactory for persistence unit 'default'
2026-08-20 16:49:45.867 [] INFO  o.s.d.j.r.q.QueryEnhancerFactories - Hibernate is in classpath; If applicable, HQL parser will be used.
2026-08-20 16:49:46.897 [] WARN  o.s.b.j.a.JpaBaseConfiguration$JpaWebConfiguration - spring.jpa.open-in-view is enabled by default. Therefore, database queries may be performed during view rendering. Explicitly configure spring.jpa.open-in-view to disable this warning
2026-08-20 16:49:47.917 [] INFO  o.s.b.d.a.OptionalLiveReloadServer - LiveReload server is running on port 35729
2026-08-20 16:49:48.037 [] INFO  o.s.b.a.e.web.EndpointLinksResolver - Exposing 3 endpoints beneath base path '/actuator'
2026-08-20 16:49:48.185 [] INFO  o.s.boot.tomcat.TomcatWebServer - Tomcat started on port 8080 (http) with context path '/'
2026-08-20 16:49:48.202 [] INFO  pe.edu.upeu.menu.MenuApplication - Started MenuApplication in 10.974 seconds (process running for 11.752)
2026-08-20 16:49:48.484 [] WARN  o.s.c.events.SpringDocAppInitializer - SpringDoc /v3/api-docs endpoint is enabled by default. To disable it in production, set the property 'springdoc.api-docs.enabled=false'
2026-08-20 16:49:48.484 [] WARN  o.s.c.events.SpringDocAppInitializer - SpringDoc /swagger-ui.html endpoint is enabled by default. To disable it in production, set the property 'springdoc.swagger-ui.enabled=false'
2026-08-20 16:57:22.234 [] INFO  o.a.c.c.C.[Tomcat].[localhost].[/] - Initializing Spring DispatcherServlet 'dispatcherServlet'
2026-08-20 16:57:22.236 [] INFO  o.s.web.servlet.DispatcherServlet - Initializing Servlet 'dispatcherServlet'
2026-08-20 16:57:22.242 [] INFO  o.s.web.servlet.DispatcherServlet - Completed initialization in 5 ms
2026-08-20 17:01:08.238 [6c571e44-6692-41bb-abfa-da7fd6492cd7] WARN  o.s.w.s.m.s.DefaultHandlerExceptionResolver - Resolved [org.springframework.http.converter.HttpMessageNotReadableException: Required request body is missing: public pe.edu.upeu.menu.dto.CategoriaMenuResponse pe.edu.upeu.menu.controller.CategoriaMenuController.crear(pe.edu.upeu.menu.dto.CategoriaMenuRequest)]
2026-08-20 17:02:45.319 [6f0e417b-2396-49f0-924a-05176be699eb] WARN  o.s.w.s.m.s.DefaultHandlerExceptionResolver - Resolved [org.springframework.http.converter.HttpMessageNotReadableException: Required request body is missing: public pe.edu.upeu.menu.dto.PlatoResponse pe.edu.upeu.menu.controller.PlatoController.crear(pe.edu.upeu.menu.dto.PlatoRequest)]
2026-08-20 17:03:52.514 [1d1d6290-a7ce-4f1d-8f04-6857d0f5ab75] INFO  o.s.api.AbstractOpenApiResource - Init duration for springdoc-openapi is: 464 ms
